// Jest Snapshot v1, https://goo.gl/fbAQLP

exports[`Home renders correctly 1`] = `
<div
  className="text-center d-md-flex justify-content-between"
>
  <div>
    <h1>
      Pagina principal
    </h1>
  </div>
  <div />
</div>
`;
