// Jest Snapshot v1, https://goo.gl/fbAQLP

exports[`Home renders correctly 1`] = `
<div
  className="text-center"
>
  <h1>
    Pagina principal
  </h1>
</div>
`;
